// Jest Snapshot v1, https://goo.gl/fbAQLP

exports[`<Home /> when context is loaded Renders properly 1`] = `
<div
  className="content-fluid d-flex flex-column align-items-center justify-content-center"
  id="home"
>
  <div
    className="users-list"
    onScroll={[Function]}
  >
    <div
      className="badge-container"
      onClick={[Function]}
    >
      <div
        className="userbadge-container"
      >
        <div
          className="nat-flag"
        >
          <img
            alt="John Doe picture"
            src="ch.png"
          />
        </div>
        <img
          alt="John Doe picture"
          className="picture"
          src="https://randomuser.me/api/portraits/thumb/men/56.jpg"
        />
        <div
          className="fullname"
        >
          John
           
          Doe
        </div>
        <div
          className="username"
        >
          theusername
        </div>
        <div
          className="email"
        >
          test@example.com
        </div>
      </div>
    </div>
    <div
      className="badge-container"
      onClick={[Function]}
    >
      <div
        className="userbadge-container"
      >
        <div
          className="nat-flag"
        >
          <img
            alt="John Smith picture"
            src="gb.png"
          />
        </div>
        <img
          alt="John Smith picture"
          className="picture"
          src="https://randomuser.me/api/portraits/thumb/men/57.jpg"
        />
        <div
          className="fullname"
        >
          John
           
          Smith
        </div>
        <div
          className="username"
        >
          anotherusername
        </div>
        <div
          className="email"
        >
          test2@example.com
        </div>
      </div>
    </div>
  </div>
</div>
`;
