// Jest Snapshot v1, https://goo.gl/fbAQLP

exports[`<UserList /> <UserList /> renders the user list 1`] = `
<div
  className="users-list"
  onScroll={[Function]}
>
  <div
    className="badge-container"
    onClick={[Function]}
  >
    <div
      className="userbadge-container"
    >
      <div
        className="nat-flag"
      >
        <img
          alt="John Doe picture"
          src="ch.png"
        />
      </div>
      <img
        alt="John Doe picture"
        className="picture"
        src="https://randomuser.me/api/portraits/thumb/men/56.jpg"
      />
      <div
        className="fullname"
      >
        John
         
        Doe
      </div>
      <div
        className="username"
      >
        theusername
      </div>
      <div
        className="email"
      >
        test@example.com
      </div>
    </div>
  </div>
</div>
`;
